#-----------------------------------------------------------
# Webtalk v2018.3 (64-bit)
# SW Build 2405991 on Thu Dec  6 23:38:27 MST 2018
# IP Build 2404404 on Fri Dec  7 01:43:56 MST 2018
# Start of session at: Wed Feb 26 09:12:34 2020
# Process ID: 8112
# Current directory: C:/Users/garzamor/EGR224/EGR_224_Slot_Machine_Project/SlotMachine/SlotMachine.sim/sim_1/behav/xsim
# Command line: wbtcv.exe -mode batch -source C:/Users/garzamor/EGR224/EGR_224_Slot_Machine_Project/SlotMachine/SlotMachine.sim/sim_1/behav/xsim/xsim.dir/Test_Results_tb_behav/webtalk/xsim_webtalk.tcl -notrace
# Log file: C:/Users/garzamor/EGR224/EGR_224_Slot_Machine_Project/SlotMachine/SlotMachine.sim/sim_1/behav/xsim/webtalk.log
# Journal file: C:/Users/garzamor/EGR224/EGR_224_Slot_Machine_Project/SlotMachine/SlotMachine.sim/sim_1/behav/xsim\webtalk.jou
#-----------------------------------------------------------
source C:/Users/garzamor/EGR224/EGR_224_Slot_Machine_Project/SlotMachine/SlotMachine.sim/sim_1/behav/xsim/xsim.dir/Test_Results_tb_behav/webtalk/xsim_webtalk.tcl -notrace
