#-----------------------------------------------------------
# Vivado v2018.3 (64-bit)
# SW Build 2405991 on Thu Dec  6 23:38:27 MST 2018
# IP Build 2404404 on Fri Dec  7 01:43:56 MST 2018
# Start of session at: Sun Feb  2 12:17:03 2020
# Process ID: 7628
# Current directory: C:/Users/garzamor/EGR224/EGR_224_Lab5_/counter
# Command line: vivado.exe -gui_launcher_event rodinguilauncherevent6092 C:\Users\garzamor\EGR224\EGR_224_Lab5_\counter\counter.xpr
# Log file: C:/Users/garzamor/EGR224/EGR_224_Lab5_/counter/vivado.log
# Journal file: C:/Users/garzamor/EGR224/EGR_224_Lab5_/counter\vivado.jou
#-----------------------------------------------------------
start_gui
open_project C:/Users/garzamor/EGR224/EGR_224_Lab5_/counter/counter.xpr
update_compile_order -fileset sources_1
set_property SOURCE_SET sources_1 [get_filesets sim_1]
close [ open C:/Users/garzamor/EGR224/EGR_224_Lab5_/counter/counter.srcs/sim_1/new/counter_2bit_tb.v w ]
add_files -fileset sim_1 C:/Users/garzamor/EGR224/EGR_224_Lab5_/counter/counter.srcs/sim_1/new/counter_2bit_tb.v
update_compile_order -fileset sim_1
# Disabling source management mode.  This is to allow the top design properties to be set without GUI intervention.
set_property source_mgmt_mode None [current_project]
set_property top counter_2bit_tb [get_filesets sim_1]
set_property top_lib xil_defaultlib [get_filesets sim_1]
# Re-enabling previously disabled source management mode.
set_property source_mgmt_mode All [current_project]
update_compile_order -fileset sim_1
launch_simulation
reset_run synth_1
launch_runs synth_1 -jobs 2
wait_on_run synth_1
launch_simulation
launch_simulation
source counter_2bit_tb.tcl
open_bd_design {C:/Users/garzamor/EGR224/EGR_224_Lab5_/counter/counter.srcs/sources_1/bd/counter_2bit/counter_2bit.bd}
close_sim
generate_target Simulation [get_files C:/Users/garzamor/EGR224/EGR_224_Lab5_/counter/counter.srcs/sources_1/bd/counter_2bit/counter_2bit.bd]
export_ip_user_files -of_objects [get_files C:/Users/garzamor/EGR224/EGR_224_Lab5_/counter/counter.srcs/sources_1/bd/counter_2bit/counter_2bit.bd] -no_script -sync -force -quiet
export_simulation -of_objects [get_files C:/Users/garzamor/EGR224/EGR_224_Lab5_/counter/counter.srcs/sources_1/bd/counter_2bit/counter_2bit.bd] -directory C:/Users/garzamor/EGR224/EGR_224_Lab5_/counter/counter.ip_user_files/sim_scripts -ip_user_files_dir C:/Users/garzamor/EGR224/EGR_224_Lab5_/counter/counter.ip_user_files -ipstatic_source_dir C:/Users/garzamor/EGR224/EGR_224_Lab5_/counter/counter.ip_user_files/ipstatic -lib_map_path [list {modelsim=C:/Users/garzamor/EGR224/EGR_224_Lab5_/counter/counter.cache/compile_simlib/modelsim} {questa=C:/Users/garzamor/EGR224/EGR_224_Lab5_/counter/counter.cache/compile_simlib/questa} {riviera=C:/Users/garzamor/EGR224/EGR_224_Lab5_/counter/counter.cache/compile_simlib/riviera} {activehdl=C:/Users/garzamor/EGR224/EGR_224_Lab5_/counter/counter.cache/compile_simlib/activehdl}] -use_ip_compiled_libs -force -quiet
launch_simulation
source counter_2bit_tb.tcl
close_sim
launch_simulation
source counter_2bit_tb.tcl
close_sim
launch_simulation
source counter_2bit_tb.tcl
close_sim
launch_simulation
source counter_2bit_tb.tcl
close_sim
launch_simulation
source counter_2bit_tb.tcl
close_sim
launch_simulation
source counter_2bit_tb.tcl
close_sim
launch_simulation
source counter_2bit_tb.tcl
close_sim
launch_simulation
source counter_2bit_tb.tcl
close_sim
launch_simulation
source counter_2bit_tb.tcl
close_sim
launch_simulation
source counter_2bit_tb.tcl
close_sim
launch_simulation
launch_simulation
source counter_2bit_tb.tcl
close_sim
launch_simulation
source counter_2bit_tb.tcl
# Disabling source management mode.  This is to allow the top design properties to be set without GUI intervention.
set_property source_mgmt_mode None [current_project]
set_property top counter_2bit_wrapper [current_fileset]
# Re-enabling previously disabled source management mode.
set_property source_mgmt_mode All [current_project]
update_compile_order -fileset sources_1
close_sim
launch_simulation
source counter_2bit_tb.tcl
open_hw
close_sim
launch_simulation
launch_simulation
source counter_2bit_tb.tcl
open_bd_design {C:/Users/garzamor/EGR224/EGR_224_Lab5_/counter/counter.srcs/sources_1/bd/counter_2bit/counter_2bit.bd}
startgroup
set_property -dict [list CONFIG.DELAY {0}] [get_bd_cells xup_dff_en_reset_0]
endgroup
startgroup
set_property -dict [list CONFIG.DELAY {0}] [get_bd_cells xup_dff_en_reset_1]
endgroup
connect_bd_net [get_bd_pins xup_dff_en_reset_0/q] [get_bd_pins xup_dff_en_reset_1/d]
delete_bd_objs [get_bd_nets xup_dff_en_reset_0_q]
connect_bd_net [get_bd_pins xup_dff_en_reset_0/q] [get_bd_pins xlconcat_0/In0]
startgroup
create_bd_cell -type ip -vlnv xilinx.com:xup:xup_xor2:1.0 xup_xor2_0
endgroup
set_property location {2 342 -43} [get_bd_cells xup_xor2_0]
connect_bd_net [get_bd_pins xup_xor2_0/a] [get_bd_pins xup_dff_en_reset_0/q]
connect_bd_net [get_bd_pins xup_xor2_0/b] [get_bd_pins xup_dff_en_reset_1/q]
connect_bd_net [get_bd_pins xup_xor2_0/y] [get_bd_pins xup_dff_en_reset_0/d]
startgroup
create_bd_cell -type ip -vlnv xilinx.com:xup:xup_inv:1.0 xup_inv_0
endgroup
startgroup
create_bd_cell -type ip -vlnv xilinx.com:xup:xup_inv:1.0 xup_inv_1
endgroup
regenerate_bd_layout
delete_bd_objs [get_bd_nets xup_dff_en_reset_1_q]
delete_bd_objs [get_bd_nets xup_dff_en_reset_0_q]
connect_bd_net [get_bd_pins xup_dff_en_reset_0/q] [get_bd_pins xup_xor2_0/b]
connect_bd_net [get_bd_pins xup_dff_en_reset_1/q] [get_bd_pins xup_xor2_0/a]
connect_bd_net [get_bd_pins xup_dff_en_reset_0/q] [get_bd_pins xup_inv_1/a]
connect_bd_net [get_bd_pins xup_inv_1/y] [get_bd_pins xlconcat_0/In1]
connect_bd_net [get_bd_pins xup_dff_en_reset_1/q] [get_bd_pins xup_inv_0/a]
connect_bd_net [get_bd_pins xup_inv_0/y] [get_bd_pins xlconcat_0/In0]
regenerate_bd_layout
close_sim
save_bd_design
generate_target Simulation [get_files C:/Users/garzamor/EGR224/EGR_224_Lab5_/counter/counter.srcs/sources_1/bd/counter_2bit/counter_2bit.bd]
export_ip_user_files -of_objects [get_files C:/Users/garzamor/EGR224/EGR_224_Lab5_/counter/counter.srcs/sources_1/bd/counter_2bit/counter_2bit.bd] -no_script -sync -force -quiet
export_simulation -of_objects [get_files C:/Users/garzamor/EGR224/EGR_224_Lab5_/counter/counter.srcs/sources_1/bd/counter_2bit/counter_2bit.bd] -directory C:/Users/garzamor/EGR224/EGR_224_Lab5_/counter/counter.ip_user_files/sim_scripts -ip_user_files_dir C:/Users/garzamor/EGR224/EGR_224_Lab5_/counter/counter.ip_user_files -ipstatic_source_dir C:/Users/garzamor/EGR224/EGR_224_Lab5_/counter/counter.ip_user_files/ipstatic -lib_map_path [list {modelsim=C:/Users/garzamor/EGR224/EGR_224_Lab5_/counter/counter.cache/compile_simlib/modelsim} {questa=C:/Users/garzamor/EGR224/EGR_224_Lab5_/counter/counter.cache/compile_simlib/questa} {riviera=C:/Users/garzamor/EGR224/EGR_224_Lab5_/counter/counter.cache/compile_simlib/riviera} {activehdl=C:/Users/garzamor/EGR224/EGR_224_Lab5_/counter/counter.cache/compile_simlib/activehdl}] -use_ip_compiled_libs -force -quiet
launch_simulation
source counter_2bit_tb.tcl
open_bd_design {C:/Users/garzamor/EGR224/EGR_224_Lab5_/counter/counter.srcs/sources_1/bd/counter_2bit/counter_2bit.bd}
delete_bd_objs [get_bd_nets xup_dff_en_reset_1_q]
delete_bd_objs [get_bd_nets xup_dff_en_reset_0_q]
delete_bd_objs [get_bd_nets xup_inv_1_y]
delete_bd_objs [get_bd_nets xup_inv_0_y]
connect_bd_net [get_bd_pins xup_dff_en_reset_0/q] [get_bd_pins xup_xor2_0/a]
connect_bd_net [get_bd_pins xup_dff_en_reset_0/q] [get_bd_pins xlconcat_0/In1]
connect_bd_net [get_bd_pins xup_dff_en_reset_1/q] [get_bd_pins xup_inv_0/a]
connect_bd_net [get_bd_pins xup_inv_0/y] [get_bd_pins xup_dff_en_reset_1/d]
connect_bd_net [get_bd_pins xlconcat_0/In0] [get_bd_pins xup_dff_en_reset_1/q]
close_sim
save_bd_design
generate_target Simulation [get_files C:/Users/garzamor/EGR224/EGR_224_Lab5_/counter/counter.srcs/sources_1/bd/counter_2bit/counter_2bit.bd]
export_ip_user_files -of_objects [get_files C:/Users/garzamor/EGR224/EGR_224_Lab5_/counter/counter.srcs/sources_1/bd/counter_2bit/counter_2bit.bd] -no_script -sync -force -quiet
export_simulation -of_objects [get_files C:/Users/garzamor/EGR224/EGR_224_Lab5_/counter/counter.srcs/sources_1/bd/counter_2bit/counter_2bit.bd] -directory C:/Users/garzamor/EGR224/EGR_224_Lab5_/counter/counter.ip_user_files/sim_scripts -ip_user_files_dir C:/Users/garzamor/EGR224/EGR_224_Lab5_/counter/counter.ip_user_files -ipstatic_source_dir C:/Users/garzamor/EGR224/EGR_224_Lab5_/counter/counter.ip_user_files/ipstatic -lib_map_path [list {modelsim=C:/Users/garzamor/EGR224/EGR_224_Lab5_/counter/counter.cache/compile_simlib/modelsim} {questa=C:/Users/garzamor/EGR224/EGR_224_Lab5_/counter/counter.cache/compile_simlib/questa} {riviera=C:/Users/garzamor/EGR224/EGR_224_Lab5_/counter/counter.cache/compile_simlib/riviera} {activehdl=C:/Users/garzamor/EGR224/EGR_224_Lab5_/counter/counter.cache/compile_simlib/activehdl}] -use_ip_compiled_libs -force -quiet
launch_simulation
source counter_2bit_tb.tcl
open_bd_design {C:/Users/garzamor/EGR224/EGR_224_Lab5_/counter/counter.srcs/sources_1/bd/counter_2bit/counter_2bit.bd}
connect_bd_net [get_bd_pins xup_dff_en_reset_1/q] [get_bd_pins xup_xor2_0/b]
delete_bd_objs [get_bd_cells xup_inv_1]
close_sim
save_bd_design
generate_target Simulation [get_files C:/Users/garzamor/EGR224/EGR_224_Lab5_/counter/counter.srcs/sources_1/bd/counter_2bit/counter_2bit.bd]
export_ip_user_files -of_objects [get_files C:/Users/garzamor/EGR224/EGR_224_Lab5_/counter/counter.srcs/sources_1/bd/counter_2bit/counter_2bit.bd] -no_script -sync -force -quiet
export_simulation -of_objects [get_files C:/Users/garzamor/EGR224/EGR_224_Lab5_/counter/counter.srcs/sources_1/bd/counter_2bit/counter_2bit.bd] -directory C:/Users/garzamor/EGR224/EGR_224_Lab5_/counter/counter.ip_user_files/sim_scripts -ip_user_files_dir C:/Users/garzamor/EGR224/EGR_224_Lab5_/counter/counter.ip_user_files -ipstatic_source_dir C:/Users/garzamor/EGR224/EGR_224_Lab5_/counter/counter.ip_user_files/ipstatic -lib_map_path [list {modelsim=C:/Users/garzamor/EGR224/EGR_224_Lab5_/counter/counter.cache/compile_simlib/modelsim} {questa=C:/Users/garzamor/EGR224/EGR_224_Lab5_/counter/counter.cache/compile_simlib/questa} {riviera=C:/Users/garzamor/EGR224/EGR_224_Lab5_/counter/counter.cache/compile_simlib/riviera} {activehdl=C:/Users/garzamor/EGR224/EGR_224_Lab5_/counter/counter.cache/compile_simlib/activehdl}] -use_ip_compiled_libs -force -quiet
launch_simulation
source counter_2bit_tb.tcl
open_bd_design {C:/Users/garzamor/EGR224/EGR_224_Lab5_/counter/counter.srcs/sources_1/bd/counter_2bit/counter_2bit.bd}
close_sim
launch_simulation
source counter_2bit_tb.tcl
create_bd_design "Decade_counter"
update_compile_order -fileset sources_1
startgroup
create_bd_cell -type ip -vlnv xilinx.com:ip:c_counter_binary:12.0 c_counter_binary_0
endgroup
set_property -dict [list CONFIG.Output_Width {4} CONFIG.Restrict_Count {true} CONFIG.Final_Count_Value {9}] [get_bd_cells c_counter_binary_0]
startgroup
make_bd_pins_external  [get_bd_pins c_counter_binary_0/CLK]
endgroup
startgroup
make_bd_pins_external  [get_bd_cells c_counter_binary_0]
make_bd_intf_pins_external  [get_bd_cells c_counter_binary_0]
endgroup
save_bd_design
reset_run synth_1
launch_runs synth_1 -jobs 2
wait_on_run synth_1
set_property SOURCE_SET sources_1 [get_filesets sim_1]
close [ open C:/Users/garzamor/EGR224/EGR_224_Lab5_/counter/counter.srcs/sim_1/new/Decade_counter_tb.v w ]
add_files -fileset sim_1 C:/Users/garzamor/EGR224/EGR_224_Lab5_/counter/counter.srcs/sim_1/new/Decade_counter_tb.v
update_compile_order -fileset sim_1
set_property name CLK [get_bd_ports CLK_0]
set_property name Q [get_bd_ports Q_0]
# Disabling source management mode.  This is to allow the top design properties to be set without GUI intervention.
set_property source_mgmt_mode None [current_project]
set_property top Decade_counter_tb [get_filesets sim_1]
set_property top_lib xil_defaultlib [get_filesets sim_1]
# Re-enabling previously disabled source management mode.
set_property source_mgmt_mode All [current_project]
update_compile_order -fileset sim_1
make_wrapper -files [get_files C:/Users/garzamor/EGR224/EGR_224_Lab5_/counter/counter.srcs/sources_1/bd/Decade_counter/Decade_counter.bd] -top
add_files -norecurse C:/Users/garzamor/EGR224/EGR_224_Lab5_/counter/counter.srcs/sources_1/bd/Decade_counter/hdl/Decade_counter_wrapper.v
update_compile_order -fileset sources_1
export_ip_user_files -of_objects  [get_files C:/Users/garzamor/EGR224/EGR_224_Lab5_/counter/counter.srcs/sim_1/new/Decade_counter_tb.v] -no_script -reset -force -quiet
remove_files  -fileset sim_1 C:/Users/garzamor/EGR224/EGR_224_Lab5_/counter/counter.srcs/sim_1/new/Decade_counter_tb.v
update_compile_order -fileset sim_1
update_compile_order -fileset sim_1
set_property SOURCE_SET sources_1 [get_filesets sim_1]
close [ open C:/Users/garzamor/EGR224/EGR_224_Lab5_/counter/counter.srcs/sim_1/new/Decade_counter_tb.v w ]
add_files -fileset sim_1 C:/Users/garzamor/EGR224/EGR_224_Lab5_/counter/counter.srcs/sim_1/new/Decade_counter_tb.v
update_compile_order -fileset sim_1
# Disabling source management mode.  This is to allow the top design properties to be set without GUI intervention.
set_property source_mgmt_mode None [current_project]
set_property top Decade_counter_tb [get_filesets sim_1]
set_property top_lib xil_defaultlib [get_filesets sim_1]
# Re-enabling previously disabled source management mode.
set_property source_mgmt_mode All [current_project]
update_compile_order -fileset sim_1
reset_run synth_1
launch_simulation
source Decade_counter_tb.tcl
close_sim
generate_target Simulation [get_files C:/Users/garzamor/EGR224/EGR_224_Lab5_/counter/counter.srcs/sources_1/bd/Decade_counter/Decade_counter.bd]
export_ip_user_files -of_objects [get_files C:/Users/garzamor/EGR224/EGR_224_Lab5_/counter/counter.srcs/sources_1/bd/Decade_counter/Decade_counter.bd] -no_script -sync -force -quiet
export_simulation -of_objects [get_files C:/Users/garzamor/EGR224/EGR_224_Lab5_/counter/counter.srcs/sources_1/bd/Decade_counter/Decade_counter.bd] -directory C:/Users/garzamor/EGR224/EGR_224_Lab5_/counter/counter.ip_user_files/sim_scripts -ip_user_files_dir C:/Users/garzamor/EGR224/EGR_224_Lab5_/counter/counter.ip_user_files -ipstatic_source_dir C:/Users/garzamor/EGR224/EGR_224_Lab5_/counter/counter.ip_user_files/ipstatic -lib_map_path [list {modelsim=C:/Users/garzamor/EGR224/EGR_224_Lab5_/counter/counter.cache/compile_simlib/modelsim} {questa=C:/Users/garzamor/EGR224/EGR_224_Lab5_/counter/counter.cache/compile_simlib/questa} {riviera=C:/Users/garzamor/EGR224/EGR_224_Lab5_/counter/counter.cache/compile_simlib/riviera} {activehdl=C:/Users/garzamor/EGR224/EGR_224_Lab5_/counter/counter.cache/compile_simlib/activehdl}] -use_ip_compiled_libs -force -quiet
launch_simulation
# Disabling source management mode.  This is to allow the top design properties to be set without GUI intervention.
set_property source_mgmt_mode None [current_project]
set_property top Decade_counter_wrapper [current_fileset]
# Re-enabling previously disabled source management mode.
set_property source_mgmt_mode All [current_project]
update_compile_order -fileset sources_1
launch_simulation
launch_simulation
launch_simulation
launch_simulation
launch_simulation
open_bd_design {C:/Users/garzamor/EGR224/EGR_224_Lab5_/counter/counter.srcs/sources_1/bd/Decade_counter/Decade_counter.bd}
delete_bd_objs [get_bd_nets c_counter_binary_0_Q]
delete_bd_objs [get_bd_ports Q]
delete_bd_objs [get_bd_nets CLK_0_1] [get_bd_ports CLK]
startgroup
make_bd_pins_external  [get_bd_pins c_counter_binary_0/Q]
endgroup
startgroup
make_bd_pins_external  [get_bd_pins c_counter_binary_0/CLK]
endgroup
set_property name CLK [get_bd_ports CLK_0]
set_property name Q [get_bd_ports Q_0]
startgroup
endgroup
save_bd_design
launch_runs synth_1 -jobs 2
wait_on_run synth_1
launch_simulation
current_bd_design [get_bd_designs counter_2bit]
launch_simulation
close_sim
